2026-07-27 00:25:11  selftest aire_zone        attendu  10000.00  obtenu  10000.00  OK
2026-07-27 00:25:11  selftest aire_parcelles   attendu   5600.00  obtenu   5600.00  OK
2026-07-27 00:25:11  selftest aire_corridor    attendu   4400.00  obtenu   4400.00  OK
2026-07-27 00:25:11  selftest aire_chaussee    attendu   1000.00  obtenu   1000.00  OK
2026-07-27 00:25:11  selftest aire_trottoirs   attendu   3400.00  obtenu   3400.00  OK
2026-07-27 00:25:11  selftest trou -> corridor attendu   4000.00  obtenu   4000.00  OK
2026-07-27 00:25:11  selftest eau retiree      attendu   3400.00  obtenu   3400.00  OK
2026-07-27 00:25:11  selftest masque 50 m      attendu     40000  obtenu     40401  OK
2026-07-27 00:25:11  selftest largeur 5                      attendu  6.50/mesure obtenu  6.50/mesure  OK
2026-07-27 00:25:11  selftest largeur 5                      attendu  4.50/repli obtenu  4.50/repli  OK
2026-07-27 00:25:11  selftest largeur 3                      attendu 12.00/repli obtenu 12.00/repli  OK
2026-07-27 00:25:11  selftest largeur Chemin                 attendu  3.00/repli obtenu  3.00/repli  OK
2026-07-27 00:25:11  SELFTEST : PASS
2026-07-27 00:25:53  === SOLS PAR LE CADASTRE : zones centre, peripherie ===
2026-07-27 00:25:54  parcelles : 87092 lues, centre=2524 / peripherie=1680 retenues, 8 trous, 0 invalides ecartees
2026-07-27 00:25:54  surfaces water : centre=3 / peripherie=2
2026-07-27 00:25:54  surfaces green : centre=85 / peripherie=49
2026-07-27 00:25:54  routes centre : 644 axes retenus (644 mesures, 0 replis), rejets nature=71, acces=11
2026-07-27 00:25:54  routes peripherie : 464 axes retenus (463 mesures, 1 replis), rejets nature=22, acces=23
2026-07-27 00:25:55  batiments : centre=3368 / peripherie=2548
2026-07-27 00:25:56  chargements : 2.1 s
2026-07-27 00:25:56  --- ZONE centre ---
2026-07-27 00:25:56    aire zone         : 1000000 m2
2026-07-27 00:25:56    parcelles         : 733152 m2 (73.3 %)
2026-07-27 00:25:56    eau               : 15485 m2 (1.5 %)
2026-07-27 00:25:56    CORRIDOR public   : 251363 m2 (25.1 % de la zone), 92 morceaux, 96 trous
2026-07-27 00:25:56    plus gros morceau : 250900 m2 (99.8 % du corridor)
2026-07-27 00:25:56    chaussee          : 92704 m2 (36.9 % du corridor, 9.3 % de la zone)
2026-07-27 00:25:56    trottoirs/places  : 158659 m2 (63.1 % du corridor)
2026-07-27 00:25:56    bande brute avant clip : 96221 m2 -> 3.7 % rogne par parcelles/eau
2026-07-27 00:25:56    axes routiers     : 644 (34335 m), largeur mesuree 644 (100.0 %), repli 0 (0.0 %)
2026-07-27 00:25:56    natures gardees   : route a 1 chaussee=600, route a 2 chaussees=32, rond-point=12
2026-07-27 00:25:56    axes ecartes      : nature=71, acces=11
2026-07-27 00:25:56    anomalies         : 87 morceaux < 5 m2 (68.2 m2 cumules)
2026-07-27 00:25:56    duree zone        : 0.2 s
2026-07-27 00:26:13  === SOLS PAR LE CADASTRE : zones centre, peripherie ===
2026-07-27 00:26:14  parcelles : 87092 lues, centre=2524 / peripherie=1680 retenues, 8 trous, 0 invalides ecartees
2026-07-27 00:26:14  surfaces water : centre=3 / peripherie=2
2026-07-27 00:26:14  surfaces green : centre=85 / peripherie=49
2026-07-27 00:26:14  routes centre : 644 axes retenus (644 mesures, 0 replis), rejets nature=71, acces=11
2026-07-27 00:26:14  routes peripherie : 464 axes retenus (463 mesures, 1 replis), rejets nature=22, acces=23
2026-07-27 00:26:15  batiments : centre=3368 / peripherie=2548
2026-07-27 00:26:15  chargements : 2.2 s
2026-07-27 00:26:15  --- ZONE centre ---
2026-07-27 00:26:15    aire zone         : 1000000 m2
2026-07-27 00:26:15    parcelles         : 733152 m2 (73.3 %)
2026-07-27 00:26:15    eau               : 15485 m2 (1.5 %)
2026-07-27 00:26:15    CORRIDOR public   : 251363 m2 (25.1 % de la zone), 92 morceaux, 96 trous
2026-07-27 00:26:15    plus gros morceau : 250900 m2 (99.8 % du corridor)
2026-07-27 00:26:15    chaussee          : 92704 m2 (36.9 % du corridor, 9.3 % de la zone)
2026-07-27 00:26:15    trottoirs/places  : 158659 m2 (63.1 % du corridor)
2026-07-27 00:26:15    bande brute avant clip : 96221 m2 -> 3.7 % rogne par parcelles/eau
2026-07-27 00:26:15    axes routiers     : 644 (34335 m), largeur mesuree 644 (100.0 %), repli 0 (0.0 %)
2026-07-27 00:26:15    natures gardees   : route a 1 chaussee=600, route a 2 chaussees=32, rond-point=12
2026-07-27 00:26:15    axes ecartes      : nature=71, acces=11
2026-07-27 00:26:15    anomalies         : 87 morceaux < 5 m2 (68.2 m2 cumules)
2026-07-27 00:26:15    duree zone        : 0.2 s
2026-07-27 00:26:17  carte centre : C:\Users\User\Documents\Unreal Projects\CityLab\Saved\sols_corridor_centre.png (0.6 Mo, rendu 1.5 s)
2026-07-27 00:26:17  --- ZONE peripherie ---
2026-07-27 00:26:17    aire zone         : 1000000 m2
2026-07-27 00:26:17    parcelles         : 864006 m2 (86.4 %)
2026-07-27 00:26:17    eau               : 0 m2 (0.0 %)
2026-07-27 00:26:17    CORRIDOR public   : 135994 m2 (13.6 % de la zone), 81 morceaux, 33 trous
2026-07-27 00:26:17    plus gros morceau : 130380 m2 (95.9 % du corridor)
2026-07-27 00:26:17    chaussee          : 58146 m2 (42.8 % du corridor, 5.8 % de la zone)
2026-07-27 00:26:17    trottoirs/places  : 77847 m2 (57.2 % du corridor)
2026-07-27 00:26:17    bande brute avant clip : 80031 m2 -> 27.3 % rogne par parcelles/eau
2026-07-27 00:26:17    axes routiers     : 464 (29055 m), largeur mesuree 463 (99.8 %), repli 1 (0.2 %)
2026-07-27 00:26:17    natures gardees   : route a 1 chaussee=425, rond-point=30, route a 2 chaussees=8, chemin=1
2026-07-27 00:26:17    axes ecartes      : nature=22, acces=23
2026-07-27 00:26:17    anomalies         : 75 morceaux < 5 m2 (58.3 m2 cumules)
2026-07-27 00:26:17    duree zone        : 0.1 s
2026-07-27 00:26:18  carte peripherie : C:\Users\User\Documents\Unreal Projects\CityLab\Saved\sols_corridor_peripherie.png (0.9 Mo, rendu 1.4 s)
2026-07-27 00:26:18  TOTAL : 5.4 s
2026-07-27 00:26:18  sortie : C:\Users\User\Documents\Unreal Projects\CityLab\Saved\sols_corridor_centre.png
2026-07-27 00:26:18  sortie : C:\Users\User\Documents\Unreal Projects\CityLab\Saved\sols_corridor_peripherie.png
2026-07-27 00:28:08  selftest aire_zone        attendu  10000.00  obtenu  10000.00  OK
2026-07-27 00:28:08  selftest aire_parcelles   attendu   5600.00  obtenu   5600.00  OK
2026-07-27 00:28:08  selftest aire_corridor    attendu   4400.00  obtenu   4400.00  OK
2026-07-27 00:28:08  selftest aire_chaussee    attendu   1000.00  obtenu   1000.00  OK
2026-07-27 00:28:08  selftest aire_trottoirs   attendu   3400.00  obtenu   3400.00  OK
2026-07-27 00:28:08  selftest trou -> corridor attendu   4000.00  obtenu   4000.00  OK
2026-07-27 00:28:08  selftest eau retiree      attendu   3400.00  obtenu   3400.00  OK
2026-07-27 00:28:08  selftest masque 50 m      attendu     40000  obtenu     40401  OK
2026-07-27 00:28:08  selftest largeur 5                      attendu  6.50/mesure obtenu  6.50/mesure  OK
2026-07-27 00:28:08  selftest largeur 5                      attendu  4.50/repli obtenu  4.50/repli  OK
2026-07-27 00:28:08  selftest largeur 3                      attendu 12.00/repli obtenu 12.00/repli  OK
2026-07-27 00:28:08  selftest largeur Chemin                 attendu  3.00/repli obtenu  3.00/repli  OK
2026-07-27 00:28:08  SELFTEST : PASS
2026-07-27 00:28:08  === SOLS PAR LE CADASTRE : zones centre, peripherie ===
2026-07-27 00:28:09  parcelles : 87092 lues, centre=2524 / peripherie=1680 retenues, 8 trous, 0 invalides ecartees
2026-07-27 00:28:09  surfaces water : centre=3 / peripherie=2
2026-07-27 00:28:09  surfaces green : centre=85 / peripherie=49
2026-07-27 00:28:09  routes centre : 644 axes retenus (644 mesures, 0 replis), rejets nature=71, acces=11
2026-07-27 00:28:09  routes peripherie : 464 axes retenus (463 mesures, 1 replis), rejets nature=22, acces=23
2026-07-27 00:28:10  batiments : centre=3368 / peripherie=2548
2026-07-27 00:28:10  chargements : 2.2 s
2026-07-27 00:28:11  --- ZONE centre ---
2026-07-27 00:28:11    aire zone         : 1000000 m2
2026-07-27 00:28:11    parcelles         : 733152 m2 (73.3 %)
2026-07-27 00:28:11    eau               : 15485 m2 (1.5 %)
2026-07-27 00:28:11    CORRIDOR public   : 251363 m2 (25.1 % de la zone), 92 morceaux, 96 trous
2026-07-27 00:28:11    plus gros morceau : 250900 m2 (99.8 % du corridor)
2026-07-27 00:28:11    chaussee          : 92704 m2 (36.9 % du corridor, 9.3 % de la zone)
2026-07-27 00:28:11    trottoirs/places  : 158659 m2 (63.1 % du corridor)
2026-07-27 00:28:11    bande brute avant clip : 96221 m2 -> 3.7 % rogne par parcelles/eau
2026-07-27 00:28:11    axes routiers     : 644 objets, 23366 m dans la zone, largeur mesuree 644 (100.0 %), repli 0 (0.0 %)
2026-07-27 00:28:11    largeur moyenne   : 4.25 m (ponderee par la longueur) ; corridor moyen 10.76 m par metre d'axe
2026-07-27 00:28:11    natures gardees   : route a 1 chaussee=600, route a 2 chaussees=32, rond-point=12
2026-07-27 00:28:11    axes ecartes      : nature=71, acces=11
2026-07-27 00:28:11    anomalies         : 87 morceaux < 5 m2 (68.2 m2 cumules)
2026-07-27 00:28:11    duree zone        : 0.2 s
2026-07-27 00:28:12  carte centre : C:\Users\User\Documents\Unreal Projects\CityLab\Saved\sols_corridor_centre.png (0.5 Mo, rendu 1.5 s)
2026-07-27 00:28:12  --- ZONE peripherie ---
2026-07-27 00:28:12    aire zone         : 1000000 m2
2026-07-27 00:28:12    parcelles         : 864006 m2 (86.4 %)
2026-07-27 00:28:12    eau               : 0 m2 (0.0 %)
2026-07-27 00:28:12    CORRIDOR public   : 135994 m2 (13.6 % de la zone), 81 morceaux, 33 trous
2026-07-27 00:28:12    plus gros morceau : 130380 m2 (95.9 % du corridor)
2026-07-27 00:28:12    chaussee          : 58146 m2 (42.8 % du corridor, 5.8 % de la zone)
2026-07-27 00:28:12    trottoirs/places  : 77847 m2 (57.2 % du corridor)
2026-07-27 00:28:12    bande brute avant clip : 80031 m2 -> 27.3 % rogne par parcelles/eau
2026-07-27 00:28:12    axes routiers     : 464 objets, 18281 m dans la zone, largeur mesuree 463 (99.8 %), repli 1 (0.2 %)
2026-07-27 00:28:12    largeur moyenne   : 4.47 m (ponderee par la longueur) ; corridor moyen 7.44 m par metre d'axe
2026-07-27 00:28:12    natures gardees   : route a 1 chaussee=425, rond-point=30, route a 2 chaussees=8, chemin=1
2026-07-27 00:28:12    axes ecartes      : nature=22, acces=23
2026-07-27 00:28:12    anomalies         : 75 morceaux < 5 m2 (58.3 m2 cumules)
2026-07-27 00:28:12    duree zone        : 0.1 s
2026-07-27 00:28:14  carte peripherie : C:\Users\User\Documents\Unreal Projects\CityLab\Saved\sols_corridor_peripherie.png (0.9 Mo, rendu 1.3 s)
2026-07-27 00:28:14  TOTAL : 5.4 s
2026-07-27 00:28:14  sortie : C:\Users\User\Documents\Unreal Projects\CityLab\Saved\sols_corridor_centre.png
2026-07-27 00:28:14  sortie : C:\Users\User\Documents\Unreal Projects\CityLab\Saved\sols_corridor_peripherie.png
2026-07-27 00:28:48  selftest aire_zone        attendu  10000.00  obtenu  10000.00  OK
2026-07-27 00:28:48  selftest aire_parcelles   attendu   5600.00  obtenu   5600.00  OK
2026-07-27 00:28:48  selftest aire_corridor    attendu   4400.00  obtenu   4400.00  OK
2026-07-27 00:28:48  selftest aire_chaussee    attendu   1000.00  obtenu   1000.00  OK
2026-07-27 00:28:48  selftest aire_trottoirs   attendu   3400.00  obtenu   3400.00  OK
2026-07-27 00:28:48  selftest trou -> corridor attendu   4000.00  obtenu   4000.00  OK
2026-07-27 00:28:48  selftest eau retiree      attendu   3400.00  obtenu   3400.00  OK
2026-07-27 00:28:48  selftest masque 50 m      attendu     40000  obtenu     40401  OK
2026-07-27 00:28:48  selftest largeur 5                      attendu  6.50/mesure obtenu  6.50/mesure  OK
2026-07-27 00:28:48  selftest largeur 5                      attendu  4.50/repli obtenu  4.50/repli  OK
2026-07-27 00:28:48  selftest largeur 3                      attendu 12.00/repli obtenu 12.00/repli  OK
2026-07-27 00:28:48  selftest largeur Chemin                 attendu  3.00/repli obtenu  3.00/repli  OK
2026-07-27 00:28:48  SELFTEST : PASS
2026-07-27 00:28:48  === SOLS PAR LE CADASTRE : zones centre, peripherie ===
2026-07-27 00:28:49  parcelles : 87092 lues, centre=2524 / peripherie=1680 retenues, 8 trous, 0 invalides ecartees
2026-07-27 00:28:49  surfaces water : centre=3 / peripherie=2
2026-07-27 00:28:49  surfaces green : centre=85 / peripherie=49
2026-07-27 00:28:49  routes centre : 644 axes retenus (644 mesures, 0 replis), rejets nature=71, acces=11
2026-07-27 00:28:49  routes peripherie : 464 axes retenus (463 mesures, 1 replis), rejets nature=22, acces=23
2026-07-27 00:28:50  batiments : centre=3368 / peripherie=2548
2026-07-27 00:28:50  chargements : 2.2 s
2026-07-27 00:28:51  --- ZONE centre ---
2026-07-27 00:28:51    aire zone         : 1000000 m2
2026-07-27 00:28:51    parcelles         : 733152 m2 (73.3 %)
2026-07-27 00:28:51    eau               : 15485 m2 (1.5 %)
2026-07-27 00:28:51    CORRIDOR public   : 251363 m2 (25.1 % de la zone), 92 morceaux, 96 trous
2026-07-27 00:28:51    plus gros morceau : 250900 m2 (99.8 % du corridor)
2026-07-27 00:28:51    chaussee          : 92704 m2 (36.9 % du corridor, 9.3 % de la zone)
2026-07-27 00:28:51    trottoirs/places  : 158659 m2 (63.1 % du corridor)
2026-07-27 00:28:51    bande brute avant clip : 96221 m2 -> 3.7 % rogne par parcelles/eau
2026-07-27 00:28:51    axes routiers     : 644 objets, 23366 m dans la zone, largeur mesuree 644 (100.0 %), repli 0 (0.0 %)
2026-07-27 00:28:51    largeur moyenne   : 4.25 m (ponderee par la longueur) ; corridor moyen 10.76 m par metre d'axe
2026-07-27 00:28:51    natures gardees   : route a 1 chaussee=600, route a 2 chaussees=32, rond-point=12
2026-07-27 00:28:51    axes ecartes      : nature=71, acces=11
2026-07-27 00:28:51    axe hors corridor : 729 m (3.1 % de la longueur) -> desaccord cadastre/axes
2026-07-27 00:28:51    anomalies         : 87 morceaux < 5 m2 (68.2 m2 cumules)
2026-07-27 00:28:51    duree zone        : 0.4 s
2026-07-27 00:28:52  carte centre : C:\Users\User\Documents\Unreal Projects\CityLab\Saved\sols_corridor_centre.png (0.5 Mo, rendu 1.5 s)
2026-07-27 00:28:52  --- ZONE peripherie ---
2026-07-27 00:28:52    aire zone         : 1000000 m2
2026-07-27 00:28:52    parcelles         : 864006 m2 (86.4 %)
2026-07-27 00:28:52    eau               : 0 m2 (0.0 %)
2026-07-27 00:28:52    CORRIDOR public   : 135994 m2 (13.6 % de la zone), 81 morceaux, 33 trous
2026-07-27 00:28:52    plus gros morceau : 130380 m2 (95.9 % du corridor)
2026-07-27 00:28:52    chaussee          : 58146 m2 (42.8 % du corridor, 5.8 % de la zone)
2026-07-27 00:28:52    trottoirs/places  : 77847 m2 (57.2 % du corridor)
2026-07-27 00:28:52    bande brute avant clip : 80031 m2 -> 27.3 % rogne par parcelles/eau
2026-07-27 00:28:52    axes routiers     : 464 objets, 18281 m dans la zone, largeur mesuree 463 (99.8 %), repli 1 (0.2 %)
2026-07-27 00:28:52    largeur moyenne   : 4.47 m (ponderee par la longueur) ; corridor moyen 7.44 m par metre d'axe
2026-07-27 00:28:52    natures gardees   : route a 1 chaussee=425, rond-point=30, route a 2 chaussees=8, chemin=1
2026-07-27 00:28:52    axes ecartes      : nature=22, acces=23
2026-07-27 00:28:52    axe hors corridor : 5589 m (30.6 % de la longueur) -> desaccord cadastre/axes
2026-07-27 00:28:52    anomalies         : 75 morceaux < 5 m2 (58.3 m2 cumules)
2026-07-27 00:28:52    duree zone        : 0.2 s
2026-07-27 00:28:54  carte peripherie : C:\Users\User\Documents\Unreal Projects\CityLab\Saved\sols_corridor_peripherie.png (0.9 Mo, rendu 1.3 s)
2026-07-27 00:28:54  TOTAL : 5.5 s
2026-07-27 00:28:54  sortie : C:\Users\User\Documents\Unreal Projects\CityLab\Saved\sols_corridor_centre.png
2026-07-27 00:28:54  sortie : C:\Users\User\Documents\Unreal Projects\CityLab\Saved\sols_corridor_peripherie.png
2026-07-27 00:29:32  parcelles : 87092 lues, centre=2524 retenues, 2 trous, 0 invalides ecartees
2026-07-27 00:29:33  routes centre : 644 axes retenus (644 mesures, 0 replis), rejets nature=71, acces=11
2026-07-27 00:29:33  parcelles : 87092 lues, peripherie=1680 retenues, 6 trous, 0 invalides ecartees
2026-07-27 00:29:34  routes peripherie : 464 axes retenus (463 mesures, 1 replis), rejets nature=22, acces=23
2026-07-27 00:33:11  selftest aire_zone        attendu  10000.00  obtenu  10000.00  OK
2026-07-27 00:33:11  selftest aire_parcelles   attendu   5600.00  obtenu   5600.00  OK
2026-07-27 00:33:11  selftest aire_corridor    attendu   4400.00  obtenu   4400.00  OK
2026-07-27 00:33:11  selftest aire_chaussee    attendu   1000.00  obtenu   1000.00  OK
2026-07-27 00:33:11  selftest aire_trottoirs   attendu   3400.00  obtenu   3400.00  OK
2026-07-27 00:33:11  selftest trou -> corridor attendu   4000.00  obtenu   4000.00  OK
2026-07-27 00:33:11  selftest eau retiree      attendu   3400.00  obtenu   3400.00  OK
2026-07-27 00:33:11  selftest masque 50 m      attendu     40000  obtenu     40401  OK
2026-07-27 00:33:11  selftest largeur 5                      attendu  6.50/mesure obtenu  6.50/mesure  OK
2026-07-27 00:33:11  selftest largeur 5                      attendu  4.50/repli obtenu  4.50/repli  OK
2026-07-27 00:33:11  selftest largeur 3                      attendu 12.00/repli obtenu 12.00/repli  OK
2026-07-27 00:33:11  selftest largeur Chemin                 attendu  3.00/repli obtenu  3.00/repli  OK
2026-07-27 00:33:11  SELFTEST : PASS
2026-07-27 00:33:11  === SOLS PAR LE CADASTRE : zones centre, peripherie ===
2026-07-27 00:33:12  parcelles : 87092 lues, centre=2524 / peripherie=1680 retenues, 8 trous, 0 invalides ecartees
2026-07-27 00:33:12  surfaces water : centre=3 / peripherie=2
2026-07-27 00:33:12  surfaces green : centre=85 / peripherie=49
2026-07-27 00:33:12  routes centre : 644 axes retenus (644 mesures, 0 replis), rejets nature=71, acces=11
2026-07-27 00:33:12  routes peripherie : 464 axes retenus (463 mesures, 1 replis), rejets nature=22, acces=23
2026-07-27 00:33:14  batiments : centre=3368 / peripherie=2548
2026-07-27 00:33:14  chargements : 2.2 s
2026-07-27 00:33:14  --- ZONE centre ---
2026-07-27 00:33:14    aire zone         : 1000000 m2
2026-07-27 00:33:14    parcelles         : 733152 m2 (73.3 %)
2026-07-27 00:33:14    eau               : 15485 m2 (1.5 %)
2026-07-27 00:33:14    CORRIDOR public   : 251363 m2 (25.1 % de la zone), 92 morceaux, 96 trous
2026-07-27 00:33:14    plus gros morceau : 250900 m2 (99.8 % du corridor)
2026-07-27 00:33:14    chaussee          : 92704 m2 (36.9 % du corridor, 9.3 % de la zone)
2026-07-27 00:33:14    trottoirs/places  : 158659 m2 (63.1 % du corridor)
2026-07-27 00:33:14    bande brute avant clip : 96221 m2 -> 3.7 % rogne par parcelles/eau
2026-07-27 00:33:14    voirie privee     : 3517 m2 (bande routiere tombee dans des parcelles)
2026-07-27 00:33:14    axes routiers     : 644 objets, 23366 m dans la zone, largeur mesuree 644 (100.0 %), repli 0 (0.0 %)
2026-07-27 00:33:14    largeur moyenne   : 4.25 m (ponderee par la longueur) ; corridor moyen 10.76 m par metre d'axe
2026-07-27 00:33:14    natures gardees   : route a 1 chaussee=600, route a 2 chaussees=32, rond-point=12
2026-07-27 00:33:14    axes ecartes      : nature=71, acces=11
2026-07-27 00:33:14    axe hors corridor : 729 m (3.1 % de la longueur) -> desaccord cadastre/axes
2026-07-27 00:33:14    anomalies         : 87 morceaux < 5 m2 (68.2 m2 cumules)
2026-07-27 00:33:14    duree zone        : 0.4 s
2026-07-27 00:33:16  carte centre : C:\Users\User\Documents\Unreal Projects\CityLab\Saved\sols_corridor_centre.png (0.6 Mo, rendu 1.5 s)
2026-07-27 00:33:16  --- ZONE peripherie ---
2026-07-27 00:33:16    aire zone         : 1000000 m2
2026-07-27 00:33:16    parcelles         : 864006 m2 (86.4 %)
2026-07-27 00:33:16    eau               : 0 m2 (0.0 %)
2026-07-27 00:33:16    CORRIDOR public   : 135994 m2 (13.6 % de la zone), 81 morceaux, 33 trous
2026-07-27 00:33:16    plus gros morceau : 130380 m2 (95.9 % du corridor)
2026-07-27 00:33:16    chaussee          : 58146 m2 (42.8 % du corridor, 5.8 % de la zone)
2026-07-27 00:33:16    trottoirs/places  : 77847 m2 (57.2 % du corridor)
2026-07-27 00:33:16    bande brute avant clip : 80031 m2 -> 27.3 % rogne par parcelles/eau
2026-07-27 00:33:16    voirie privee     : 21884 m2 (bande routiere tombee dans des parcelles)
2026-07-27 00:33:16    axes routiers     : 464 objets, 18281 m dans la zone, largeur mesuree 463 (99.8 %), repli 1 (0.2 %)
2026-07-27 00:33:16    largeur moyenne   : 4.47 m (ponderee par la longueur) ; corridor moyen 7.44 m par metre d'axe
2026-07-27 00:33:16    natures gardees   : route a 1 chaussee=425, rond-point=30, route a 2 chaussees=8, chemin=1
2026-07-27 00:33:16    axes ecartes      : nature=22, acces=23
2026-07-27 00:33:16    axe hors corridor : 5589 m (30.6 % de la longueur) -> desaccord cadastre/axes
2026-07-27 00:33:16    anomalies         : 75 morceaux < 5 m2 (58.3 m2 cumules)
2026-07-27 00:33:16    duree zone        : 0.2 s
2026-07-27 00:33:17  carte peripherie : C:\Users\User\Documents\Unreal Projects\CityLab\Saved\sols_corridor_peripherie.png (0.9 Mo, rendu 1.4 s)
2026-07-27 00:33:17  TOTAL : 5.7 s
2026-07-27 00:33:17  sortie : C:\Users\User\Documents\Unreal Projects\CityLab\Saved\sols_corridor_centre.png
2026-07-27 00:33:17  sortie : C:\Users\User\Documents\Unreal Projects\CityLab\Saved\sols_corridor_peripherie.png
2026-07-27 00:59:58  parcelles : 87092 lues, proto=1944 retenues, 2 trous, 0 invalides ecartees
2026-07-27 00:59:58  surfaces water : proto=3
2026-07-27 00:59:58  surfaces green : proto=75
2026-07-27 01:01:18  parcelles : 87092 lues, proto=1944 retenues, 2 trous, 0 invalides ecartees
2026-07-27 01:01:18  surfaces water : proto=3
2026-07-27 01:01:18  surfaces green : proto=75
2026-07-27 01:03:05  parcelles : 87092 lues, proto=1944 retenues, 2 trous, 0 invalides ecartees
2026-07-27 01:03:05  surfaces water : proto=3
2026-07-27 01:03:05  surfaces green : proto=75
